============================================================
Timestamp: 2026-07-27 11:12:12.413474
Tool: calculator
Arguments: 10 + 20
Result: 30
============================================================
============================================================
Timestamp: 2026-07-27 11:12:12.419474
Tool: file_io
Arguments: {'operation': 'write', 'filename': 'test_reduce.txt', 'content': 'hello world'}
Result: File 'test_reduce.txt' written successfully.
============================================================
============================================================
Timestamp: 2026-07-27 11:12:12.442327
Tool: file_io
Arguments: {'operation': 'read', 'filename': 'test_reduce.txt', 'content': ''}
Result: hello world
============================================================
============================================================
Timestamp: 2026-07-27 12:57:19.855898
Tool: web_search
Arguments: USA Iran war situation July 2026
Result: Title: July 24, 2026 — Escalation in Iran war nears 2-week mark
Content: Tehran has intensified attacks on US-allied nations in the region after Washington unleashed a fresh assault on Iran in mid-July. Several of those countries under Iranian fire, including Kuwait, Bahrain and Jordan, house US military bases.

At least four US service members have been killed in the most recent wave of Iranian attacks over the past week, according to the Pentagon. Three of those were killed in Jordan, and one was killed in a controlled Iranian drone detonation in Iraq. [...] ### Up next

A water tower is silhouetted against smoke rising from a fire following a reported strike in Behbahan, Khuzestan Province, Iran, in this still image obtained from social media video released July 22, 2026.
Scattered debris and smoke, at an unknown location, during what the U.S. Central Command (CENTCOM) says are strikes on Iran, in this screengrab taken from a handout video released on July 22, 2026. [...] President Donald Trump made a stark pivot from making jokes to touching on the war in Iran during remarks at the White House Correspondents’ dinner on Friday.

“It’s all going extremely well. Don’t believe the fake news,” Trump said about the status of the war.

He went on to say that the US has “hit Iran very hard” and that it no longer has Navy and Air Force capabilities.

“They have very few drones left, despite what you see,” he said.
URL: https://www.cnn.com/2026/07/24/world/live-news/iran-war-trump

Title: Iran Update Special Report, July 13, 2026 | ISW
Content: to continue firing into the Strait of Hormuz ultimately reignited the war, and the regime will need to argue the case to its own people and among itself as to why continued conflict is necessary. This situation will likely revive the intra-regime debate over how to handle the strait, economy, and negotiations with the United States. The anti-negotiations camp will likely use the reimposition of the US blockade as evidence that negotiating with the United States was a mistake and that Iran [...] The US-Iran ceasefire has effectively ended with relatively more intense and consistent exchanges of fire in the Persian Gulf. The Islamic Revolutionary Guards Corps (IRGC) Navy announced on July 11 that it closed the strait, struck a Cyprus-flagged vessel, and then struck a second unspecified vessel on July 12. The United States struck dozens of Iranian military targets on July 12 to degrade Iran’s ability to threaten shipping. The United States has conducted over 300 strikes in Iran since [...] The recent MoU breakdown and the reimposition of the US naval blockade can cause negative political effects within Iran that are not immediately related to a breakdown in the regime’s willingness to continue the fight. Many Iranians, including, presumably, many regime supporters, are suffering under an extremely devastating economic situation. The present MoU had promised an end to the conflict on a relatively acceptable basis for the Iranian regime. The regime’s decision to continue firing
URL: https://understandingwar.org/research/middle-east/iran-update-special-report-july-13-2026

Title: Iran Update Special Report, July 16, 2026 | ISW
Content: Map Thumbnail

Iran is continuing to retaliate against the United States by firing at US bases in the region. The IRGC and Artesh launched several drone and missile attacks at US bases in Bahrain, Kuwait, and Jordan on July 15 and 16. All three countries appeared to have intercepted the Iranianattacks. Kuwait reported that it intercepted 21 drones and four cruise missiles. [...] The United States continued to strike Iranian naval and coastal installations that Iran uses to threaten maritime traffic in the Strait of Hormuz on July 15 and 16. US Central Command (CENTCOM) announced on July 15 that US forcesstruck Iranian command centers, air defense sites, missile and drone capabilities, and coastal surveillance facilities, including near Bandar Abbas and Greater Tunb Island. Iranian media and open-source intelligence accounts on X recordedUS airstrikes targeting Islamic [...] from Iran’s southern coastline. The United States has struck at least three inland targets in Sistan and Baluchistan Province since July 14. Iranian media also reported that the United States struck unspecified sites near Kabudarahang in Hamedan Province, Khorramabad in Lorestan Province, Khondab City in Markazi Province, and Ahvaz in Khuzestan Province. A US official told Reuters on July 15 that recent US airstrikes could be seen as “shaping operations” to degrade Iranian defenses in case the
URL: https://understandingwar.org/research/middle-east/iran-update-special-report-july-16-2026
============================================================
============================================================
Timestamp: 2026-07-27 12:59:17.716976
Tool: calculator
Arguments: 3 + 4 * 7
Result: 31
============================================================
